Connected to MAVLink on udp:127.0.0.1:14552
Connected to MAVLink on udp:127.0.0.1:14562
Connected to MAVLink on udp:127.0.0.1:14572
Connecting to drones in batches of 5...
Connecting batch: drones 1 to 3
Connected to drone 3, waiting for armable state...Connected to drone 1, waiting for armable state...
Drone 1 connected and armable at udp:127.0.0.1:14551
Connected to drone 2, waiting for armable state...
Drone 2 connected and armable at udp:127.0.0.1:14561

Drone 3 connected and armable at udp:127.0.0.1:14571
Batch 1 completed
Successfully connected to 3 drones
>> Waiting 5 seconds before starting missions...

Starting NS-3 simulation before missions...
Starting NS-3 simulation in xterm...
NS-3 binary: /home/vscode/ns-3-dev/build/scratch/3-Leader-Follower-Drone-Mesh/ns3.44-three_drone_mesh_normal-optimized
NS-3 parameters: --o=/workspaces/UAVLnQ/ns3-output --simTime=200
NS-3 parameter list: ['--o=/workspaces/UAVLnQ/ns3-output', '--simTime=200']
NS-3 PID 3933, started with parameters: --o=/workspaces/UAVLnQ/ns3-output --simTime=200
Starting MAVLink publisher...

Starting drone missions...
Drone 1: Preparing for mission...
Drone 1: Setting mode to GUIDED
Drone 1: Arming...
Drone 2: Preparing for mission...
Drone 2: Setting mode to GUIDED
Drone 2: Arming...
Drone 3: Preparing for mission...
Drone 3: Setting mode to GUIDED
Drone 1: Taking off to 10m
Drone 3: Arming...
Drone 2: Taking off to 10m
Drone 3: Taking off to 10m
Drone 1: Logging started -> logs/drone_1_log_20260929_182851.csv
Drone 1: Starting mission execution
Drone 2: Logging started -> logs/drone_2_log_20260929_182852.csv
Drone 2: Starting mission execution
Drone 3: Logging started -> logs/drone_3_log_20260929_182852.csv
Drone 3: Starting mission execution
Drone 1: MoveToWaypoint completed
Drone 1: MoveToWaypoint completed
Drone 1: MoveToWaypoint completed
Drone 2: MoveToWaypoint completed
Drone 3: MoveToWaypoint completed
Drone 3: MoveToWaypoint completed
Drone 2: MoveToWaypoint completed
Drone 3: MoveToWaypoint completed
Drone 2: MoveToWaypoint completed
Drone 1: ReturnHome completed
Drone 1: Land completed
Drone 1: Land done - publishing MISSION_COMPLETE
Commander: Received MISSION_COMPLETE -> ordering other drones to RTL+LAND
Drone 3: ReturnHome completed
Drone 3: Land completed
Drone 3: ReturnHome completed
Drone 3: Land completed
Drone 2: ReturnHome completed
Drone 2: Land completed
Drone 2: ReturnHome completed
Drone 2: Land completed
